<?xml version="1.0" encoding="UTF-8"?>
<testsuites name="Mocha Tests" time="13.8130" tests="1" failures="0">
  <testsuite name="Root Suite" timestamp="2022-03-15T14:49:49" tests="0" time="0.0000" failures="0">
  </testsuite>
  <testsuite name="login" timestamp="2022-03-15T14:49:49" tests="1" file="/Users/gershwin.fortuin/assessment2/sdet-assessment/tests/login_test.js" time="13.8110" failures="0">
    <testcase name="login: test something" time="11.8050" classname="test something">
    </testcase>
  </testsuite>
</testsuites>